
 /----------------------------------------------------------------------------\
 |  yosys -- Yosys Open SYnthesis Suite                                       |
 |  Copyright (C) 2012 - 2026  Claire Xenia Wolf <claire@yosyshq.com>         |
 |  Distributed under an ISC-like license, type "license" to see terms        |
 \----------------------------------------------------------------------------/
 Yosys 0.67+24 (git sha1 0e82bbefe, Release, Clang /usr/bin/clang++ 18.1.8)

-- Executing script file `/workspace/Incremental-Synthesis-Flow/results/eco-001/equiv.ys' --

1. Executing Verilog-2005 frontend: /workspace/Incremental-Synthesis-Flow/results/eco-001/base/design.v
Parsing Verilog input from `/workspace/Incremental-Synthesis-Flow/results/eco-001/base/design.v' to AST representation.
Generating RTLIL representation for module `\$paramod$5ef3be0bfad1454aaa6432c4ab405bbd7cbab26b\multiplexer'.
Generating RTLIL representation for module `\$paramod$6a3d32cf08b5e9a4d56891e3d8781ccd4215c4af\multiplexer'.
Generating RTLIL representation for module `\$paramod$99da07bf27abaac915a8c95d36d6f2808394e702\multiplexer'.
Generating RTLIL representation for module `\$paramod$e358a763f16798cd10903dfd37e7986c0fbbe40f\register'.
Generating RTLIL representation for module `\$paramod\adder\WIDTH=s32'00000000000000000000000000100000'.
Generating RTLIL representation for module `\$paramod\multiplexer2\WIDTH=s32'00000000000000000000000000100000'.
Generating RTLIL representation for module `\$paramod\multiplexer4\WIDTH=s32'00000000000000000000000000100000'.
Generating RTLIL representation for module `\$paramod\multiplexer8\WIDTH=s32'00000000000000000000000000100000'.
Generating RTLIL representation for module `\alu'.
Generating RTLIL representation for module `\alu_control'.
Generating RTLIL representation for module `\control_transfer'.
Generating RTLIL representation for module `\data_memory_interface'.
Generating RTLIL representation for module `\immediate_generator'.
Generating RTLIL representation for module `\instruction_decoder'.
Generating RTLIL representation for module `\regfile'.
Generating RTLIL representation for module `\riscv_core'.
Generating RTLIL representation for module `\singlecycle_control'.
Generating RTLIL representation for module `\singlecycle_ctlpath'.
Generating RTLIL representation for module `\singlecycle_datapath'.
Successfully finished Verilog frontend.

2. Executing HIERARCHY pass (managing design hierarchy).

2.1. Analyzing design hierarchy..
Top module:  \riscv_core
Used module:     \singlecycle_datapath
Used module:         \regfile
Used module:         \$paramod$e358a763f16798cd10903dfd37e7986c0fbbe40f\register
Used module:         \$paramod\multiplexer8\WIDTH=s32'00000000000000000000000000100000
Used module:             \$paramod$5ef3be0bfad1454aaa6432c4ab405bbd7cbab26b\multiplexer
Used module:         \$paramod\multiplexer2\WIDTH=s32'00000000000000000000000000100000
Used module:             \$paramod$6a3d32cf08b5e9a4d56891e3d8781ccd4215c4af\multiplexer
Used module:         \$paramod\multiplexer4\WIDTH=s32'00000000000000000000000000100000
Used module:             \$paramod$99da07bf27abaac915a8c95d36d6f2808394e702\multiplexer
Used module:         \instruction_decoder
Used module:         \immediate_generator
Used module:         \alu
Used module:         \$paramod\adder\WIDTH=s32'00000000000000000000000000100000
Used module:     \singlecycle_ctlpath
Used module:         \singlecycle_control
Used module:         \control_transfer
Used module:         \alu_control
Used module:     \data_memory_interface

2.2. Analyzing design hierarchy..
Top module:  \riscv_core
Used module:     \singlecycle_datapath
Used module:         \regfile
Used module:         \$paramod$e358a763f16798cd10903dfd37e7986c0fbbe40f\register
Used module:         \$paramod\multiplexer8\WIDTH=s32'00000000000000000000000000100000
Used module:             \$paramod$5ef3be0bfad1454aaa6432c4ab405bbd7cbab26b\multiplexer
Used module:         \$paramod\multiplexer2\WIDTH=s32'00000000000000000000000000100000
Used module:             \$paramod$6a3d32cf08b5e9a4d56891e3d8781ccd4215c4af\multiplexer
Used module:         \$paramod\multiplexer4\WIDTH=s32'00000000000000000000000000100000
Used module:             \$paramod$99da07bf27abaac915a8c95d36d6f2808394e702\multiplexer
Used module:         \instruction_decoder
Used module:         \immediate_generator
Used module:         \alu
Used module:         \$paramod\adder\WIDTH=s32'00000000000000000000000000100000
Used module:     \singlecycle_ctlpath
Used module:         \singlecycle_control
Used module:         \control_transfer
Used module:         \alu_control
Used module:     \data_memory_interface
Removed 0 unused modules.

3. Executing FLATTEN pass (flatten design).
Deleting now unused module singlecycle_datapath.
Deleting now unused module singlecycle_ctlpath.
Deleting now unused module singlecycle_control.
Deleting now unused module regfile.
Deleting now unused module instruction_decoder.
Deleting now unused module immediate_generator.
Deleting now unused module data_memory_interface.
Deleting now unused module control_transfer.
Deleting now unused module alu_control.
Deleting now unused module alu.
Deleting now unused module \$paramod\multiplexer8\WIDTH=s32'00000000000000000000000000100000.
Deleting now unused module \$paramod\multiplexer4\WIDTH=s32'00000000000000000000000000100000.
Deleting now unused module \$paramod\multiplexer2\WIDTH=s32'00000000000000000000000000100000.
Deleting now unused module \$paramod\adder\WIDTH=s32'00000000000000000000000000100000.
Deleting now unused module \$paramod$e358a763f16798cd10903dfd37e7986c0fbbe40f\register.
Deleting now unused module \$paramod$99da07bf27abaac915a8c95d36d6f2808394e702\multiplexer.
Deleting now unused module \$paramod$6a3d32cf08b5e9a4d56891e3d8781ccd4215c4af\multiplexer.
Deleting now unused module \$paramod$5ef3be0bfad1454aaa6432c4ab405bbd7cbab26b\multiplexer.
<suppressed ~20 debug messages>
Renaming module \riscv_core to \base.

4. Executing Verilog-2005 frontend: /workspace/Incremental-Synthesis-Flow/results/eco-001/new/design.v
Parsing Verilog input from `/workspace/Incremental-Synthesis-Flow/results/eco-001/new/design.v' to AST representation.
Generating RTLIL representation for module `\$paramod$5ef3be0bfad1454aaa6432c4ab405bbd7cbab26b\multiplexer'.
Generating RTLIL representation for module `\$paramod$6a3d32cf08b5e9a4d56891e3d8781ccd4215c4af\multiplexer'.
Generating RTLIL representation for module `\$paramod$99da07bf27abaac915a8c95d36d6f2808394e702\multiplexer'.
Generating RTLIL representation for module `\$paramod$e358a763f16798cd10903dfd37e7986c0fbbe40f\register'.
Generating RTLIL representation for module `\$paramod\adder\WIDTH=s32'00000000000000000000000000100000'.
Generating RTLIL representation for module `\$paramod\multiplexer2\WIDTH=s32'00000000000000000000000000100000'.
Generating RTLIL representation for module `\$paramod\multiplexer4\WIDTH=s32'00000000000000000000000000100000'.
Generating RTLIL representation for module `\$paramod\multiplexer8\WIDTH=s32'00000000000000000000000000100000'.
Generating RTLIL representation for module `\alu'.
Generating RTLIL representation for module `\alu_control'.
Generating RTLIL representation for module `\control_transfer'.
Generating RTLIL representation for module `\data_memory_interface'.
Generating RTLIL representation for module `\immediate_generator'.
Generating RTLIL representation for module `\instruction_decoder'.
Generating RTLIL representation for module `\regfile'.
Generating RTLIL representation for module `\riscv_core'.
Generating RTLIL representation for module `\singlecycle_control'.
Generating RTLIL representation for module `\singlecycle_ctlpath'.
Generating RTLIL representation for module `\singlecycle_datapath'.
Successfully finished Verilog frontend.

5. Executing HIERARCHY pass (managing design hierarchy).

5.1. Analyzing design hierarchy..
Top module:  \riscv_core
Used module:     \singlecycle_datapath
Used module:         \regfile
Used module:         \$paramod$e358a763f16798cd10903dfd37e7986c0fbbe40f\register
Used module:         \$paramod\multiplexer8\WIDTH=s32'00000000000000000000000000100000
Used module:             \$paramod$5ef3be0bfad1454aaa6432c4ab405bbd7cbab26b\multiplexer
Used module:         \$paramod\multiplexer2\WIDTH=s32'00000000000000000000000000100000
Used module:             \$paramod$6a3d32cf08b5e9a4d56891e3d8781ccd4215c4af\multiplexer
Used module:         \$paramod\multiplexer4\WIDTH=s32'00000000000000000000000000100000
Used module:             \$paramod$99da07bf27abaac915a8c95d36d6f2808394e702\multiplexer
Used module:         \instruction_decoder
Used module:         \immediate_generator
Used module:         \alu
Used module:         \$paramod\adder\WIDTH=s32'00000000000000000000000000100000
Used module:     \singlecycle_ctlpath
Used module:         \singlecycle_control
Used module:         \control_transfer
Used module:         \alu_control
Used module:     \data_memory_interface

5.2. Analyzing design hierarchy..
Top module:  \riscv_core
Used module:     \singlecycle_datapath
Used module:         \regfile
Used module:         \$paramod$e358a763f16798cd10903dfd37e7986c0fbbe40f\register
Used module:         \$paramod\multiplexer8\WIDTH=s32'00000000000000000000000000100000
Used module:             \$paramod$5ef3be0bfad1454aaa6432c4ab405bbd7cbab26b\multiplexer
Used module:         \$paramod\multiplexer2\WIDTH=s32'00000000000000000000000000100000
Used module:             \$paramod$6a3d32cf08b5e9a4d56891e3d8781ccd4215c4af\multiplexer
Used module:         \$paramod\multiplexer4\WIDTH=s32'00000000000000000000000000100000
Used module:             \$paramod$99da07bf27abaac915a8c95d36d6f2808394e702\multiplexer
Used module:         \instruction_decoder
Used module:         \immediate_generator
Used module:         \alu
Used module:         \$paramod\adder\WIDTH=s32'00000000000000000000000000100000
Used module:     \singlecycle_ctlpath
Used module:         \singlecycle_control
Used module:         \control_transfer
Used module:         \alu_control
Used module:     \data_memory_interface
Removing unused module `\base'.
Removed 1 unused modules.

6. Executing FLATTEN pass (flatten design).
Deleting now unused module singlecycle_ctlpath.
Deleting now unused module singlecycle_control.
Deleting now unused module regfile.
Deleting now unused module instruction_decoder.
Deleting now unused module immediate_generator.
Deleting now unused module data_memory_interface.
Deleting now unused module control_transfer.
Deleting now unused module alu_control.
Deleting now unused module alu.
Deleting now unused module \$paramod\multiplexer8\WIDTH=s32'00000000000000000000000000100000.
Deleting now unused module \$paramod\multiplexer4\WIDTH=s32'00000000000000000000000000100000.
Deleting now unused module \$paramod\multiplexer2\WIDTH=s32'00000000000000000000000000100000.
Deleting now unused module \$paramod\adder\WIDTH=s32'00000000000000000000000000100000.
Deleting now unused module \$paramod$e358a763f16798cd10903dfd37e7986c0fbbe40f\register.
Deleting now unused module \$paramod$99da07bf27abaac915a8c95d36d6f2808394e702\multiplexer.
Deleting now unused module \$paramod$6a3d32cf08b5e9a4d56891e3d8781ccd4215c4af\multiplexer.
Deleting now unused module \$paramod$5ef3be0bfad1454aaa6432c4ab405bbd7cbab26b\multiplexer.
Deleting now unused module singlecycle_datapath.
<suppressed ~20 debug messages>
Renaming module \riscv_core to \new.
